// Jest Snapshot v1, https://goo.gl/fbAQLP

exports[`renders the chart 1`] = `
<body>
  <div />
</body>
`;
